// Jest Snapshot v1, https://jestjs.io/docs/snapshot-testing

exports[`snapshot renders list overview as expected 1`] = `
<div>
  <div
    class="size-full"
  >
    <div
      class="relative udp-scroll-thin h-full"
    >
      <div
        class="absolute pointer-events-none inset-y-0 z-10 to-transparent transition-opacity duration-350 bg-gradient-to-r left-0 from-primary-50 w-32 opacity-0"
        data-testid="udp-scroll-wrapper-grad-l"
      />
      <div
        class="absolute pointer-events-none inset-y-0 z-10 to-transparent transition-opacity duration-350 bg-gradient-to-l right-0 from-primary-50 w-32 opacity-0"
        data-testid="udp-scroll-wrapper-grad-r"
      />
      <div
        class="h-full overflow-x-auto focus:outline-hidden focus:ring-2 focus:ring-primary-300"
        data-testid="udp-scroll-wrapper-ref"
      >
        <div
          class="relative"
          data-testid="table-element"
        >
          <div
            class="absolute left-0 top-0 -z-10 h-full w-full bg-white drop-shadow-md dark:bg-black rounded-xl"
          />
          <table
            class="w-full text-left text-sm text-gray-500 dark:text-gray-400 rounded-xl"
            data-testid="project-list-table"
          >
            <thead
              class="group/head text-xs uppercase text-gray-700 dark:text-gray-400"
            >
              <tr
                class="group/row hover:bg-gray-50 dark:hover:bg-gray-600"
                data-testid="table-row-element"
              >
                <th
                  class="bg-gray-50 px-6 py-3 group-first/head:first:rounded-tl-lg group-first/head:last:rounded-tr-lg dark:bg-gray-700"
                >
                  Name
                </th>
                <th
                  class="bg-gray-50 px-6 py-3 group-first/head:first:rounded-tl-lg group-first/head:last:rounded-tr-lg dark:bg-gray-700"
                >
                  Mandant
                </th>
                <th
                  class="bg-gray-50 px-6 py-3 group-first/head:first:rounded-tl-lg group-first/head:last:rounded-tr-lg dark:bg-gray-700"
                >
                  Berechtigung
                </th>
              </tr>
            </thead>
            <tbody
              class="group/body divide-y text-gray-900"
            >
              <tr
                class="group/row hover:bg-gray-50 dark:hover:bg-gray-600 cursor-pointer focus:outline-none focus:ring-2 focus:ring-primary-300"
                data-testid="project-list-table-item"
                tabindex="0"
              >
                <td
                  class="px-6 py-4 group-first/body:group-first/row:first:rounded-tl-lg group-first/body:group-first/row:last:rounded-tr-lg group-last/body:group-last/row:first:rounded-bl-lg group-last/body:group-last/row:last:rounded-br-lg"
                >
                  test-project-1
                </td>
                <td
                  class="px-6 py-4 group-first/body:group-first/row:first:rounded-tl-lg group-first/body:group-first/row:last:rounded-tr-lg group-last/body:group-last/row:first:rounded-bl-lg group-last/body:group-last/row:last:rounded-br-lg"
                >
                  test-tenant-1
                </td>
                <td
                  class="px-6 py-4 group-first/body:group-first/row:first:rounded-tl-lg group-first/body:group-first/row:last:rounded-tr-lg group-last/body:group-last/row:first:rounded-bl-lg group-last/body:group-last/row:last:rounded-br-lg"
                >
                  <div
                    class="relative flex items-center justify-center px-3 py-2 text-sm font-medium leading-none h-6 whitespace-nowrap bg-primary-100 text-primary-700 rounded-md w-fit"
                  >
                    <span
                      class="contents"
                    >
                      Mitarbeiter
                    </span>
                  </div>
                </td>
              </tr>
              <tr
                class="group/row hover:bg-gray-50 dark:hover:bg-gray-600 cursor-pointer focus:outline-none focus:ring-2 focus:ring-primary-300"
                data-testid="project-list-table-item"
                tabindex="0"
              >
                <td
                  class="px-6 py-4 group-first/body:group-first/row:first:rounded-tl-lg group-first/body:group-first/row:last:rounded-tr-lg group-last/body:group-last/row:first:rounded-bl-lg group-last/body:group-last/row:last:rounded-br-lg"
                >
                  test-project-2
                </td>
                <td
                  class="px-6 py-4 group-first/body:group-first/row:first:rounded-tl-lg group-first/body:group-first/row:last:rounded-tr-lg group-last/body:group-last/row:first:rounded-bl-lg group-last/body:group-last/row:last:rounded-br-lg"
                >
                  test-tenant-1
                </td>
                <td
                  class="px-6 py-4 group-first/body:group-first/row:first:rounded-tl-lg group-first/body:group-first/row:last:rounded-tr-lg group-last/body:group-last/row:first:rounded-bl-lg group-last/body:group-last/row:last:rounded-br-lg"
                >
                  <div
                    class="relative flex items-center justify-center px-3 py-2 text-sm font-medium leading-none h-6 whitespace-nowrap bg-primary-100 text-primary-700 rounded-md w-fit"
                  >
                    <span
                      class="contents"
                    >
                      Mitarbeiter
                    </span>
                  </div>
                </td>
              </tr>
              <tr
                class="group/row hover:bg-gray-50 dark:hover:bg-gray-600 cursor-pointer focus:outline-none focus:ring-2 focus:ring-primary-300"
                data-testid="project-list-table-item"
                tabindex="0"
              >
                <td
                  class="px-6 py-4 group-first/body:group-first/row:first:rounded-tl-lg group-first/body:group-first/row:last:rounded-tr-lg group-last/body:group-last/row:first:rounded-bl-lg group-last/body:group-last/row:last:rounded-br-lg"
                >
                  test-project-3
                </td>
                <td
                  class="px-6 py-4 group-first/body:group-first/row:first:rounded-tl-lg group-first/body:group-first/row:last:rounded-tr-lg group-last/body:group-last/row:first:rounded-bl-lg group-last/body:group-last/row:last:rounded-br-lg"
                >
                  test-tenant-2
                </td>
                <td
                  class="px-6 py-4 group-first/body:group-first/row:first:rounded-tl-lg group-first/body:group-first/row:last:rounded-tr-lg group-last/body:group-last/row:first:rounded-bl-lg group-last/body:group-last/row:last:rounded-br-lg"
                >
                  <div
                    class="relative flex items-center justify-center px-3 py-2 text-sm font-medium leading-none h-6 whitespace-nowrap bg-primary-100 text-primary-700 rounded-md w-fit"
                  >
                    <span
                      class="contents"
                    >
                      Mitarbeiter
                    </span>
                  </div>
                </td>
              </tr>
            </tbody>
          </table>
        </div>
      </div>
    </div>
  </div>
</div>
`;
