// Jest Snapshot v1, https://jestjs.io/docs/snapshot-testing

exports[`snapshot renders page as expected 1`] = `
<div>
  <div
    class="h-full flex flex-col"
  >
    <div
      class="flex flex-wrap gap-4 mb-6"
    >
      <h2
        class="grow-[999] self-end text-2xl font-bold text-gray-900"
      >
        Dashboardgruppen
      </h2>
      <div
        data-testid="create-button"
      >
        mocked create viz group popover
      </div>
    </div>
    <div
      data-testid="mock-vizgroup-search-bar"
    />
    <div
      class="flex flex-col flex-grow justify-center"
    >
      <div>
        mocked viz groups list
      </div>
    </div>
  </div>
</div>
`;
