// Jest Snapshot v1, https://jestjs.io/docs/snapshot-testing

exports[`snapshot trigger button matches snapshot 1`] = `
{
  "asFragment": [Function],
  "baseElement": <body>
    <div>
      <div>
        <div
          data-testid="credential-rotate-badge"
        >
          <div
            class="w-fit"
            data-testid="flowbite-tooltip-target"
          >
            <button
              class="focus:outline-none focus:ring-3 rounded-md hover:bg-primary-200 focus:ring-primary-200 cursor-pointer"
              type="button"
            >
              <div
                class="relative flex items-center justify-center text-sm font-medium leading-none whitespace-nowrap bg-primary-100 text-primary-700 hover:bg-primary-200 focus:ring-primary-200 size-6 p-0.5 rounded-md"
              >
                <span
                  class="contents"
                >
                  <svg
                    aria-hidden="true"
                    class="size-4"
                    fill="none"
                    height="24"
                    viewBox="0 0 24 24"
                    width="24"
                    xmlns="http://www.w3.org/2000/svg"
                  >
                    <path
                      d="M17.651 7.65a7.131 7.131 0 0 0-12.68 3.15M18.001 4v4h-4m-7.652 8.35a7.13 7.13 0 0 0 12.68-3.15M6 20v-4h4"
                      stroke="currentColor"
                      stroke-linecap="round"
                      stroke-linejoin="round"
                      stroke-width="2"
                    />
                  </svg>
                </span>
              </div>
            </button>
          </div>
          <div
            class="absolute z-10 inline-block rounded-lg px-3 py-2 text-sm font-medium shadow-xs transition-opacity duration-300 invisible opacity-0 bg-gray-900 text-white dark:bg-gray-700 text-nowrap"
            data-floating-ui-focusable=""
            data-testid="flowbite-tooltip"
            id="_r_0_"
            role="tooltip"
            style="position: absolute; top: 0px; left: 0px;"
            tabindex="-1"
          >
            <div
              class="relative z-20"
            >
              Credentials rotieren
            </div>
            <div
              class="absolute z-10 h-2 w-2 rotate-45 bg-gray-900 dark:bg-gray-700"
              data-testid="flowbite-tooltip-arrow"
              style="bottom: -4px;"
            >
               
            </div>
          </div>
        </div>
      </div>
    </div>
  </body>,
  "container": <div>
    <div>
      <div
        data-testid="credential-rotate-badge"
      >
        <div
          class="w-fit"
          data-testid="flowbite-tooltip-target"
        >
          <button
            class="focus:outline-none focus:ring-3 rounded-md hover:bg-primary-200 focus:ring-primary-200 cursor-pointer"
            type="button"
          >
            <div
              class="relative flex items-center justify-center text-sm font-medium leading-none whitespace-nowrap bg-primary-100 text-primary-700 hover:bg-primary-200 focus:ring-primary-200 size-6 p-0.5 rounded-md"
            >
              <span
                class="contents"
              >
                <svg
                  aria-hidden="true"
                  class="size-4"
                  fill="none"
                  height="24"
                  viewBox="0 0 24 24"
                  width="24"
                  xmlns="http://www.w3.org/2000/svg"
                >
                  <path
                    d="M17.651 7.65a7.131 7.131 0 0 0-12.68 3.15M18.001 4v4h-4m-7.652 8.35a7.13 7.13 0 0 0 12.68-3.15M6 20v-4h4"
                    stroke="currentColor"
                    stroke-linecap="round"
                    stroke-linejoin="round"
                    stroke-width="2"
                  />
                </svg>
              </span>
            </div>
          </button>
        </div>
        <div
          class="absolute z-10 inline-block rounded-lg px-3 py-2 text-sm font-medium shadow-xs transition-opacity duration-300 invisible opacity-0 bg-gray-900 text-white dark:bg-gray-700 text-nowrap"
          data-floating-ui-focusable=""
          data-testid="flowbite-tooltip"
          id="_r_0_"
          role="tooltip"
          style="position: absolute; top: 0px; left: 0px;"
          tabindex="-1"
        >
          <div
            class="relative z-20"
          >
            Credentials rotieren
          </div>
          <div
            class="absolute z-10 h-2 w-2 rotate-45 bg-gray-900 dark:bg-gray-700"
            data-testid="flowbite-tooltip-arrow"
            style="bottom: -4px;"
          >
             
          </div>
        </div>
      </div>
    </div>
  </div>,
  "debug": [Function],
  "findAllByAltText": [Function],
  "findAllByDisplayValue": [Function],
  "findAllByLabelText": [Function],
  "findAllByPlaceholderText": [Function],
  "findAllByRole": [Function],
  "findAllByTestId": [Function],
  "findAllByText": [Function],
  "findAllByTitle": [Function],
  "findByAltText": [Function],
  "findByDisplayValue": [Function],
  "findByLabelText": [Function],
  "findByPlaceholderText": [Function],
  "findByRole": [Function],
  "findByTestId": [Function],
  "findByText": [Function],
  "findByTitle": [Function],
  "getAllByAltText": [Function],
  "getAllByDisplayValue": [Function],
  "getAllByLabelText": [Function],
  "getAllByPlaceholderText": [Function],
  "getAllByRole": [Function],
  "getAllByTestId": [Function],
  "getAllByText": [Function],
  "getAllByTitle": [Function],
  "getByAltText": [Function],
  "getByDisplayValue": [Function],
  "getByLabelText": [Function],
  "getByPlaceholderText": [Function],
  "getByRole": [Function],
  "getByTestId": [Function],
  "getByText": [Function],
  "getByTitle": [Function],
  "queryAllByAltText": [Function],
  "queryAllByDisplayValue": [Function],
  "queryAllByLabelText": [Function],
  "queryAllByPlaceholderText": [Function],
  "queryAllByRole": [Function],
  "queryAllByTestId": [Function],
  "queryAllByText": [Function],
  "queryAllByTitle": [Function],
  "queryByAltText": [Function],
  "queryByDisplayValue": [Function],
  "queryByLabelText": [Function],
  "queryByPlaceholderText": [Function],
  "queryByRole": [Function],
  "queryByTestId": [Function],
  "queryByText": [Function],
  "queryByTitle": [Function],
  "rerender": [Function],
  "unmount": [Function],
}
`;
