// Jest Snapshot v1, https://jestjs.io/docs/snapshot-testing

exports[`clipboard confirm message matches snapshot 1`] = `
<div
  class="flex gap-1.5 text-green-500 transition-opacity duration-300 opacity-100 visible"
  data-testid="credential-copy-message"
>
  <div>
    <svg
      aria-hidden="true"
      class="mt-0.5 size-5"
      fill="currentColor"
      height="24"
      viewBox="0 0 24 24"
      width="24"
      xmlns="http://www.w3.org/2000/svg"
    >
      <path
        clip-rule="evenodd"
        d="M2 12C2 6.477 6.477 2 12 2s10 4.477 10 10-4.477 10-10 10S2 17.523 2 12Zm13.707-1.293a1 1 0 0 0-1.414-1.414L11 12.586l-1.793-1.793a1 1 0 0 0-1.414 1.414l2.5 2.5a1 1 0 0 0 1.414 0l4-4Z"
        fill-rule="evenodd"
      />
    </svg>
  </div>
  <p
    class="w-full"
  >
    Credentials wurden in die Zwischenablage kopiert!
  </p>
</div>
`;

exports[`snapshot matches snapshot 1`] = `
{
  "asFragment": [Function],
  "baseElement": <body>
    <div>
      <div
        class="flex flex-col gap-4"
        data-testid="credential-reveal-modal"
      >
        <div
          class="flex gap-2 p-4 rounded-lg bg-yellow-100 text-yellow-700"
        >
          <div>
            <svg
              aria-hidden="true"
              class="size-5 mt-0.5"
              fill="currentColor"
              height="24"
              viewBox="0 0 24 24"
              width="24"
              xmlns="http://www.w3.org/2000/svg"
            >
              <path
                d="M17.133 12.632v-1.8a5.406 5.406 0 0 0-4.154-5.262.955.955 0 0 0 .021-.106V3.1a1 1 0 0 0-2 0v2.364a.955.955 0 0 0 .021.106 5.406 5.406 0 0 0-4.154 5.262v1.8C6.867 15.018 5 15.614 5 16.807 5 17.4 5 18 5.538 18h12.924C19 18 19 17.4 19 16.807c0-1.193-1.867-1.789-1.867-4.175ZM8.823 19a3.453 3.453 0 0 0 6.354 0H8.823Z"
              />
            </svg>
          </div>
          <p>
            Achten Sie darauf, dass Sie Ihre Sensor Credentials jetzt kopieren. Sie werden später nicht mehr sichtbar sein!
          </p>
        </div>
        <div
          class="flex flex-col gap-5"
        >
          <div
            class="flex flex-col"
          >
            <label
              class="text-sm font-medium text-gray-900 dark:text-white pb-2"
              data-testid="flowbite-label"
              for="username-input"
            >
              Benutzername
            </label>
            <div
              class="flex focus:outline-hidden focus:ring-2 focus:ring-primary-500"
            >
              <div
                class="relative w-full"
              >
                <input
                  class="block w-full border focus:outline-none focus:ring-1 disabled:cursor-not-allowed disabled:opacity-50 border-gray-300 bg-gray-50 text-gray-900 placeholder-gray-500 focus:border-primary-500 focus:ring-primary-500 dark:border-gray-600 dark:bg-gray-700 dark:text-white dark:placeholder-gray-400 dark:focus:border-primary-500 dark:focus:ring-primary-500 p-2.5 text-sm rounded-lg"
                  id="username-input"
                  type="text"
                  value="test-user"
                />
              </div>
            </div>
          </div>
          <div
            class="flex flex-col"
          >
            <label
              class="text-sm font-medium text-gray-900 dark:text-white pb-2"
              data-testid="flowbite-label"
              for="password-input"
            >
              Passwort
            </label>
            <div
              class="flex focus:outline-hidden focus:ring-2 focus:ring-primary-500"
            >
              <div
                class="relative w-full"
              >
                <input
                  class="block w-full border focus:outline-none focus:ring-1 disabled:cursor-not-allowed disabled:opacity-50 border-gray-300 bg-gray-50 text-gray-900 placeholder-gray-500 focus:border-primary-500 focus:ring-primary-500 dark:border-gray-600 dark:bg-gray-700 dark:text-white dark:placeholder-gray-400 dark:focus:border-primary-500 dark:focus:ring-primary-500 p-2.5 text-sm rounded-lg"
                  id="password-input"
                  type="text"
                  value="test-password"
                />
              </div>
            </div>
          </div>
        </div>
        <div
          class="flex flex-col gap-2"
        >
          <div
            class="flex gap-1.5 text-green-500 transition-opacity duration-300 opacity-0 invisible"
            data-testid="credential-copy-message"
          >
            <div>
              <svg
                aria-hidden="true"
                class="mt-0.5 size-5"
                fill="currentColor"
                height="24"
                viewBox="0 0 24 24"
                width="24"
                xmlns="http://www.w3.org/2000/svg"
              >
                <path
                  clip-rule="evenodd"
                  d="M2 12C2 6.477 6.477 2 12 2s10 4.477 10 10-4.477 10-10 10S2 17.523 2 12Zm13.707-1.293a1 1 0 0 0-1.414-1.414L11 12.586l-1.793-1.793a1 1 0 0 0-1.414 1.414l2.5 2.5a1 1 0 0 0 1.414 0l4-4Z"
                  fill-rule="evenodd"
                />
              </svg>
            </div>
            <p
              class="w-full"
            >
              Credentials wurden in die Zwischenablage kopiert!
            </p>
          </div>
          <div
            class="flex gap-3.5 flex-wrap w-fit [&>*]:grow [&>*]:justify-center"
          >
            <button
              aria-busy="false"
              class="flex p-2.5 font-medium text-sm rounded-lg focus:outline-hidden focus:ring-3 cursor-pointer disabled:cursor-not-allowed bg-primary-100 text-primary-700 hover:bg-primary-200 active:bg-primary-200 focus:ring-primary-200 disabled:bg-primary-100 disabled:text-primary-200 data-[loading=true]:bg-primary-200"
              data-loading="false"
              type="button"
            >
              <div
                class="relative flex items-center gap-1"
              >
                <div
                  class="flex items-center size-5"
                >
                  <svg
                    aria-hidden="true"
                    fill="currentColor"
                    height="17"
                    viewBox="0 0 16 17"
                    width="16"
                    xmlns="http://www.w3.org/2000/svg"
                  >
                    <path
                      clip-rule="evenodd"
                      d="M7.59775 4.66732L9.49998 2.76509V4.66732H7.59775ZM7.99998 14.334H8.49998V13.834V13.6673H8.83331V13.834C8.83331 14.3094 8.46326 14.6673 8.04465 14.6673H2.62265C2.2032 14.6673 1.83331 14.3092 1.83331 13.834V8.33398H2.94265H4.66665H5.16665V7.83398V6.10998V5.00065H5.49998V8.50065C5.49998 8.59283 5.42551 8.66732 5.33331 8.66732H2.66665H2.16665V9.16732V13.834V14.334H2.66665H7.99998ZM2.58909 7.48043L1.83331 8.23621V7.83398C1.83331 7.78912 1.85116 7.74708 1.88126 7.71715L1.8822 7.7162L4.54887 5.04954L4.54887 5.04954L4.54981 5.04859C4.57993 5.01831 4.62138 5.00065 4.66665 5.00065H5.06887L4.31309 5.75643L2.58909 7.48043ZM11.8333 2.33398H13.3773C13.7968 2.33398 14.1666 2.69211 14.1666 3.16732V11.1673C14.1666 11.6427 13.7966 12.0007 13.378 12.0007H7.95598C7.53654 12.0007 7.16665 11.6425 7.16665 11.1673V7.00065H9.99998C11.0115 7.00065 11.8333 6.17879 11.8333 5.16732V2.33398Z"
                      fill-rule="evenodd"
                    />
                  </svg>
                </div>
                <div
                  class="px-1 empty:hidden"
                >
                  Sensor Credentials kopieren
                </div>
              </div>
            </button>
            <button
              aria-busy="false"
              class="flex p-2.5 font-medium text-sm rounded-lg focus:outline-hidden focus:ring-3 cursor-pointer disabled:cursor-not-allowed bg-transparent hover:bg-primary-100 active:bg-primary-100 focus:ring-primary-200 focus:text-primary-600 disabled:bg-transparent disabled:text-primary-200 data-[loading=true]:bg-primary-100 text-danger-600"
              data-loading="false"
              type="button"
            >
              <div
                class="relative flex items-center gap-1"
              >
                <div
                  class="px-1 empty:hidden"
                >
                  Schließen
                </div>
              </div>
            </button>
          </div>
        </div>
      </div>
    </div>
  </body>,
  "container": <div>
    <div
      class="flex flex-col gap-4"
      data-testid="credential-reveal-modal"
    >
      <div
        class="flex gap-2 p-4 rounded-lg bg-yellow-100 text-yellow-700"
      >
        <div>
          <svg
            aria-hidden="true"
            class="size-5 mt-0.5"
            fill="currentColor"
            height="24"
            viewBox="0 0 24 24"
            width="24"
            xmlns="http://www.w3.org/2000/svg"
          >
            <path
              d="M17.133 12.632v-1.8a5.406 5.406 0 0 0-4.154-5.262.955.955 0 0 0 .021-.106V3.1a1 1 0 0 0-2 0v2.364a.955.955 0 0 0 .021.106 5.406 5.406 0 0 0-4.154 5.262v1.8C6.867 15.018 5 15.614 5 16.807 5 17.4 5 18 5.538 18h12.924C19 18 19 17.4 19 16.807c0-1.193-1.867-1.789-1.867-4.175ZM8.823 19a3.453 3.453 0 0 0 6.354 0H8.823Z"
            />
          </svg>
        </div>
        <p>
          Achten Sie darauf, dass Sie Ihre Sensor Credentials jetzt kopieren. Sie werden später nicht mehr sichtbar sein!
        </p>
      </div>
      <div
        class="flex flex-col gap-5"
      >
        <div
          class="flex flex-col"
        >
          <label
            class="text-sm font-medium text-gray-900 dark:text-white pb-2"
            data-testid="flowbite-label"
            for="username-input"
          >
            Benutzername
          </label>
          <div
            class="flex focus:outline-hidden focus:ring-2 focus:ring-primary-500"
          >
            <div
              class="relative w-full"
            >
              <input
                class="block w-full border focus:outline-none focus:ring-1 disabled:cursor-not-allowed disabled:opacity-50 border-gray-300 bg-gray-50 text-gray-900 placeholder-gray-500 focus:border-primary-500 focus:ring-primary-500 dark:border-gray-600 dark:bg-gray-700 dark:text-white dark:placeholder-gray-400 dark:focus:border-primary-500 dark:focus:ring-primary-500 p-2.5 text-sm rounded-lg"
                id="username-input"
                type="text"
                value="test-user"
              />
            </div>
          </div>
        </div>
        <div
          class="flex flex-col"
        >
          <label
            class="text-sm font-medium text-gray-900 dark:text-white pb-2"
            data-testid="flowbite-label"
            for="password-input"
          >
            Passwort
          </label>
          <div
            class="flex focus:outline-hidden focus:ring-2 focus:ring-primary-500"
          >
            <div
              class="relative w-full"
            >
              <input
                class="block w-full border focus:outline-none focus:ring-1 disabled:cursor-not-allowed disabled:opacity-50 border-gray-300 bg-gray-50 text-gray-900 placeholder-gray-500 focus:border-primary-500 focus:ring-primary-500 dark:border-gray-600 dark:bg-gray-700 dark:text-white dark:placeholder-gray-400 dark:focus:border-primary-500 dark:focus:ring-primary-500 p-2.5 text-sm rounded-lg"
                id="password-input"
                type="text"
                value="test-password"
              />
            </div>
          </div>
        </div>
      </div>
      <div
        class="flex flex-col gap-2"
      >
        <div
          class="flex gap-1.5 text-green-500 transition-opacity duration-300 opacity-0 invisible"
          data-testid="credential-copy-message"
        >
          <div>
            <svg
              aria-hidden="true"
              class="mt-0.5 size-5"
              fill="currentColor"
              height="24"
              viewBox="0 0 24 24"
              width="24"
              xmlns="http://www.w3.org/2000/svg"
            >
              <path
                clip-rule="evenodd"
                d="M2 12C2 6.477 6.477 2 12 2s10 4.477 10 10-4.477 10-10 10S2 17.523 2 12Zm13.707-1.293a1 1 0 0 0-1.414-1.414L11 12.586l-1.793-1.793a1 1 0 0 0-1.414 1.414l2.5 2.5a1 1 0 0 0 1.414 0l4-4Z"
                fill-rule="evenodd"
              />
            </svg>
          </div>
          <p
            class="w-full"
          >
            Credentials wurden in die Zwischenablage kopiert!
          </p>
        </div>
        <div
          class="flex gap-3.5 flex-wrap w-fit [&>*]:grow [&>*]:justify-center"
        >
          <button
            aria-busy="false"
            class="flex p-2.5 font-medium text-sm rounded-lg focus:outline-hidden focus:ring-3 cursor-pointer disabled:cursor-not-allowed bg-primary-100 text-primary-700 hover:bg-primary-200 active:bg-primary-200 focus:ring-primary-200 disabled:bg-primary-100 disabled:text-primary-200 data-[loading=true]:bg-primary-200"
            data-loading="false"
            type="button"
          >
            <div
              class="relative flex items-center gap-1"
            >
              <div
                class="flex items-center size-5"
              >
                <svg
                  aria-hidden="true"
                  fill="currentColor"
                  height="17"
                  viewBox="0 0 16 17"
                  width="16"
                  xmlns="http://www.w3.org/2000/svg"
                >
                  <path
                    clip-rule="evenodd"
                    d="M7.59775 4.66732L9.49998 2.76509V4.66732H7.59775ZM7.99998 14.334H8.49998V13.834V13.6673H8.83331V13.834C8.83331 14.3094 8.46326 14.6673 8.04465 14.6673H2.62265C2.2032 14.6673 1.83331 14.3092 1.83331 13.834V8.33398H2.94265H4.66665H5.16665V7.83398V6.10998V5.00065H5.49998V8.50065C5.49998 8.59283 5.42551 8.66732 5.33331 8.66732H2.66665H2.16665V9.16732V13.834V14.334H2.66665H7.99998ZM2.58909 7.48043L1.83331 8.23621V7.83398C1.83331 7.78912 1.85116 7.74708 1.88126 7.71715L1.8822 7.7162L4.54887 5.04954L4.54887 5.04954L4.54981 5.04859C4.57993 5.01831 4.62138 5.00065 4.66665 5.00065H5.06887L4.31309 5.75643L2.58909 7.48043ZM11.8333 2.33398H13.3773C13.7968 2.33398 14.1666 2.69211 14.1666 3.16732V11.1673C14.1666 11.6427 13.7966 12.0007 13.378 12.0007H7.95598C7.53654 12.0007 7.16665 11.6425 7.16665 11.1673V7.00065H9.99998C11.0115 7.00065 11.8333 6.17879 11.8333 5.16732V2.33398Z"
                    fill-rule="evenodd"
                  />
                </svg>
              </div>
              <div
                class="px-1 empty:hidden"
              >
                Sensor Credentials kopieren
              </div>
            </div>
          </button>
          <button
            aria-busy="false"
            class="flex p-2.5 font-medium text-sm rounded-lg focus:outline-hidden focus:ring-3 cursor-pointer disabled:cursor-not-allowed bg-transparent hover:bg-primary-100 active:bg-primary-100 focus:ring-primary-200 focus:text-primary-600 disabled:bg-transparent disabled:text-primary-200 data-[loading=true]:bg-primary-100 text-danger-600"
            data-loading="false"
            type="button"
          >
            <div
              class="relative flex items-center gap-1"
            >
              <div
                class="px-1 empty:hidden"
              >
                Schließen
              </div>
            </div>
          </button>
        </div>
      </div>
    </div>
  </div>,
  "debug": [Function],
  "findAllByAltText": [Function],
  "findAllByDisplayValue": [Function],
  "findAllByLabelText": [Function],
  "findAllByPlaceholderText": [Function],
  "findAllByRole": [Function],
  "findAllByTestId": [Function],
  "findAllByText": [Function],
  "findAllByTitle": [Function],
  "findByAltText": [Function],
  "findByDisplayValue": [Function],
  "findByLabelText": [Function],
  "findByPlaceholderText": [Function],
  "findByRole": [Function],
  "findByTestId": [Function],
  "findByText": [Function],
  "findByTitle": [Function],
  "getAllByAltText": [Function],
  "getAllByDisplayValue": [Function],
  "getAllByLabelText": [Function],
  "getAllByPlaceholderText": [Function],
  "getAllByRole": [Function],
  "getAllByTestId": [Function],
  "getAllByText": [Function],
  "getAllByTitle": [Function],
  "getByAltText": [Function],
  "getByDisplayValue": [Function],
  "getByLabelText": [Function],
  "getByPlaceholderText": [Function],
  "getByRole": [Function],
  "getByTestId": [Function],
  "getByText": [Function],
  "getByTitle": [Function],
  "queryAllByAltText": [Function],
  "queryAllByDisplayValue": [Function],
  "queryAllByLabelText": [Function],
  "queryAllByPlaceholderText": [Function],
  "queryAllByRole": [Function],
  "queryAllByTestId": [Function],
  "queryAllByText": [Function],
  "queryAllByTitle": [Function],
  "queryByAltText": [Function],
  "queryByDisplayValue": [Function],
  "queryByLabelText": [Function],
  "queryByPlaceholderText": [Function],
  "queryByRole": [Function],
  "queryByTestId": [Function],
  "queryByText": [Function],
  "queryByTitle": [Function],
  "rerender": [Function],
  "unmount": [Function],
}
`;
